[[0.024134,{"lines":{"0":[["                                                                                                      ",{}]],"1":[["                                                                                                      ",{}]],"2":[["                                                                                                      ",{}]],"3":[["                                                                                                      ",{}]],"4":[["                                                                                                      ",{}]],"5":[["                                                                                                      ",{}]],"6":[["                                                                                                      ",{}]],"7":[["                                                                                                      ",{}]],"8":[["                                                                                                      ",{}]],"9":[["                                                                                                      ",{}]],"10":[["                                                                                                      ",{}]],"11":[["                                                                                                      ",{}]],"12":[["                                                                                                      ",{}]],"13":[["                                                                                                      ",{}]],"14":[["                                                                                                      ",{}]],"15":[["                                                                                                      ",{}]],"16":[["                                                                                                      ",{}]],"17":[["                                                                                                      ",{}]],"18":[["                                                                                                      ",{}]],"19":[["                                                                                                      ",{}]],"20":[["                                                                                                      ",{}]],"21":[["                                                                                                      ",{}]],"22":[["                                                                                                      ",{}]],"23":[["                                                                                                      ",{}]],"24":[["                                                                                                      ",{}]],"25":[["                                                                                                      ",{}]],"26":[["                                                                                                      ",{}]],"27":[["                                                                                                      ",{}]],"28":[["                                                                                                      ",{}]],"29":[["                                                                                                      ",{}]],"30":[["                                                                                                      ",{}]],"31":[["                                                                                                      ",{}]],"32":[["                                                                                                      ",{}]],"33":[["                                                                                                      ",{}]],"34":[["                                                                                                      ",{}]],"35":[["                                                                                                      ",{}]],"36":[["                                                                                                      ",{}]],"37":[["                                                                                                      ",{}]],"38":[["                                                                                                      ",{}]],"39":[["                                                                                                      ",{}]],"40":[["                                                                                                      ",{}]],"41":[["                                                                                                      ",{}]],"42":[["                                                                                                      ",{}]],"43":[["                                                                                                      ",{}]],"44":[["                                                                                                      ",{}]],"45":[["                                                                                                      ",{}]],"46":[["                                                                                                      ",{}]],"47":[["                                                                                                      ",{}]],"48":[["                                                                                                      ",{}]],"49":[["                                                                                                      ",{}]],"50":[["                                                                                                      ",{}]],"51":[["                                                                                                      ",{}]],"52":[["                                                                                                      ",{}]],"53":[["                                                                                                      ",{}]],"54":[["                                                                                                      ",{}]],"55":[["                                                                                                      ",{}]],"56":[["                                                                                                      ",{}]]},"cursor":{"x":0,"y":0,"visible":true}}],[0.009296,{"lines":{"0":[["zack@balin ",{}],["~",{"fg":2}],["                                                                                          ",{}]],"1":[["%                                                                                                     ",{}]]},"cursor":{"x":2,"y":1}}],[0.735535,{"lines":{"2":[["bck-i-search: _                                                                                       ",{}]]}}],[0.758768,{"lines":{"1":[["% asci",{}],["i",{"underline":true}],["nema                                                                                           ",{}]],"2":[["bck-i-search: i_                                                                                      ",{}]]},"cursor":{"x":5}}],[0.32741,{"lines":{"1":[["%",{}],["ir",{"underline":true}],["eset -d -N 172.31.0.99 -U ADMIN -P x2nfrwGcGfTf1                                                   ",{}]],"2":[["bck-i-search: r_                                                                                      ",{}]]},"cursor":{"x":1}}],[0.631953,{"lines":{"1":[["%ireset -d -N 172.31.0.99 -U ADMIN -P x2nfrwGcGfTf1                                                   ",{}]],"2":[["                                                                                                      ",{}]]},"cursor":{"x":3}}],[0.660061,{"cursor":{"x":4}}],[0.039963,{"cursor":{"x":5}}],[0.039926,{"cursor":{"x":6}}],[0.039734,{"cursor":{"x":7}}],[0.040872,{"cursor":{"x":8}}],[0.040251,{"cursor":{"x":9}}],[0.04004,{"cursor":{"x":10}}],[0.04009,{"cursor":{"x":11}}],[0.367491,{"lines":{"1":[["%ireset -d-N 172.31.0.99 -U ADMIN -P x2nfrwGcGfTf1                                                    ",{}]]},"cursor":{"x":10}}],[0.164746,{"lines":{"1":[["%ireset -du-N 172.31.0.99 -U ADMIN -P x2nfrwGcGfTf1                                                   ",{}]]},"cursor":{"x":11}}],[0.195718,{}],[0.006935,{"lines":{"2":[["ipmiutil ver 2.94                                                                                     ",{}]],"3":[["ireset ver 2.94                                                                                       ",{}]],"4":[["Opening lan connection to node 172.31.0.99 ...                                                        ",{}]],"5":[["Connecting to node 172.31.0.99                                                                        ",{}]]},"cursor":{"x":0,"y":6}}],[0.023731,{"lines":{"6":[["-- BMC version 3.5, IPMI version 2.0                                                                  ",{}]]},"cursor":{"y":7}}],[0.011357,{"lines":{"7":[["Power State      = 05   (S5: soft off)                                                                ",{}]],"8":[["ireset: powering up ...                                                                               ",{}]],"9":[["chassis_reset ok                                                                                      ",{}]],"10":[["ireset: IPMI_Reset ok                                                                                 ",{}]],"11":[["ipmiutil reset, completed successfully                                                                ",{}]]},"cursor":{"y":12}}],[0.008725999999999999,{"lines":{"12":[["zack@balin ",{}],["~",{"fg":2}],["                                                                                          ",{}]],"13":[["%                                                                                                     ",{}]]},"cursor":{"x":2,"y":13}}],[0.632562,{"lines":{"14":[["bck-i-search: _                                                                                       ",{}]]}}],[0.30062,{"lines":{"13":[["% ireset -u -N 172.31.0.99 -U ADM",{}],["I",{"underline":true}],["N -P x2nfrwGcGfTf1                                                  ",{}]],"14":[["bck-i-search: i_                                                                                      ",{}]]},"cursor":{"x":32}}],[0.103856,{"lines":{"13":[["%",{}],["is",{"underline":true}],["olu -N 172.31.0.99 -U ADI",{}],["I",{"underline":true}],["N a -PP x2nfrwGcGfTf                                                     ",{}]],"14":[["bck-i-search: s_                                                                                      ",{}]]},"cursor":{"x":1}}],[0.13138,{"lines":{"13":[["%",{}],["iso",{"underline":true}],["lu -N 172.31.0.99 -U ADI",{}],["I",{"underline":true}],["N a -PP x2nfrwGcGfTf                                                     ",{}]],"14":[["bck-i-search: so_                                                                                     ",{}]]}}],[0.175693,{"lines":{"13":[["%",{}],["isol",{"underline":true}],["u -N 172.31.0.99 -U ADI",{}],["I",{"underline":true}],["N a -PP x2nfrwGcGfTf                                                     ",{}]],"14":[["bck-i-search: sol_                                                                                    ",{}]]}}],[1.197045,{"lines":{"13":[["%isolu -N 172.31.0.99 -U ADI",{}],["I",{"underline":true}],["N a -PP x2nfrwGcGfTf                                                     ",{}]],"14":[["                                                                                                      ",{}]]},"cursor":{"x":2}}],[0.002915,{"lines":{"14":[["ipmiutil ver 2.94                                                                                     ",{}]],"15":[["isol ver 2.94                                                                                         ",{}]],"16":[["Opening lan connection to node 172.31.0.99 ...                                                        ",{}]],"17":[["Connecting to node 172.31.0.99                                                                        ",{}]]},"cursor":{"x":0,"y":18}}],[0.023837,{"lines":{"18":[["-- BMC version 3.05, IPMI version 2.0                                                                 ",{}]]},"cursor":{"y":19}}],[0.011219,{"lines":{"19":[["Opening lanplus connection to node 172.31.0.99 ...                                                    ",{}]]},"cursor":{"y":20}}],[0.022499,{"lines":{"20":[["Connected to node 172.31.0.99                                                                         ",{}]]},"cursor":{"y":22}}],[0.005635,{"lines":{"22":[["[SOL session is running, use '~.' to end, '~?' for help.]                                             ",{}]]},"cursor":{"y":23}}],[26.97308,{"lines":{"0":[["                ",{}],["                ",{"fg":7,"bg":0}],["                                                                      ",{}]]},"cursor":{"x":32,"y":0}}],[0.040116,{"lines":{"0":[["                ",{}],["                                               ",{"fg":7,"bg":0}],["                 ",{"fg":0,"bg":0}],["                      ",{}]],"1":[["                                                                                ",{"fg":0,"bg":0}],["                      ",{}]]},"cursor":{"x":80,"y":1}}],[0.110235,{"lines":{"2":[["                                                                                ",{"fg":0,"bg":0}],["                      ",{}]],"3":[["                                                                                ",{"fg":0,"bg":0}],["                      ",{}]]},"cursor":{"y":3}}],[0.110177,{"lines":{"4":[["                                                                                ",{"fg":0,"bg":0}],["                      ",{}]],"5":[["                                                                                ",{"fg":0,"bg":0}],["                      ",{}]]},"cursor":{"y":5}}],[0.10986,{"lines":{"6":[["                                                                                ",{"fg":0,"bg":0}],["                      ",{}]],"7":[["                                                                                ",{"fg":0,"bg":0}],["                      ",{}]]},"cursor":{"y":7}}],[0.11036,{"lines":{"8":[["                                                                                ",{"fg":0,"bg":0}],["                      ",{}]],"9":[["                                                                                ",{"fg":0,"bg":0}],["                      ",{}]]},"cursor":{"y":9}}],[0.109691,{"lines":{"10":[["                                                                                ",{"fg":0,"bg":0}],["                      ",{}]],"11":[["                                                                                ",{"fg":0,"bg":0}],["                      ",{}]]},"cursor":{"y":11}}],[0.111459,{"lines":{"12":[["                                                                                ",{"fg":0,"bg":0}],["                      ",{}]],"13":[["The IMC is operating with DDR3 1066 Mhz                                         ",{"fg":7,"bg":0}],["                      ",{}]]},"cursor":{"y":13}}],[0.09830999999999999,{"lines":{"14":[["Memory Type :RDIMM(ECC mode)                                                    ",{"fg":7,"bg":0}],["                      ",{}]],"15":[[" ",{"fg":7,"bg":0}],["sol ver 2.94                                                                                         ",{}]]},"cursor":{"x":1,"y":15}}],[0.060265,{"lines":{"15":[["                                                                                ",{"fg":7,"bg":0}],["                      ",{}]],"16":[["                                                           ",{"fg":7,"bg":0}],["                                           ",{}]]},"cursor":{"x":59,"y":16}}],[0.059894,{"lines":{"16":[["                                                                                ",{"fg":7,"bg":0}],["                      ",{}]],"17":[["                                                                                ",{"fg":7,"bg":0}],["                      ",{}]]},"cursor":{"x":80,"y":17}}],[0.099694,{"lines":{"18":[["                                                                                ",{"fg":7,"bg":0}],["                      ",{}]],"19":[["        ",{"fg":7,"bg":0}],["lanplus connection to node 172.31.0.99 ...                                                    ",{}]]},"cursor":{"x":8,"y":19}}],[0.110179,{"lines":{"20":[["                                                                                ",{"fg":7,"bg":0}],["                      ",{}]],"21":[["(C) Amer",{"fg":7,"bg":0}],["                                                                                              ",{}]]},"cursor":{"y":21}}],[0.509784,{"lines":{"21":[["(C) American Megatrends, Inc.                                                   ",{"fg":7,"bg":0}],["                      ",{}]]},"cursor":{"x":80}}],[2.790569,{"lines":{"22":[["66-3047-009999-00101111-080312-TYLSBURG-10600000-Y2KC                           ",{"fg":7,"bg":0}],["                      ",{}]],"23":[["                                                          ",{"fg":7,"bg":0}],["                                            ",{}]]},"cursor":{"x":58,"y":23}}],[0.109593,{"lines":{"0":[["                                              ",{"fg":0,"bg":0}],["                 ",{"fg":7,"bg":0}],["                 ",{"fg":0,"bg":0}],["                      ",{}]],"23":[["                                                                           6B38",{"fg":7,"bg":0}],["                       ",{}]]},"cursor":{"x":46,"y":0}}],[0.059818,{"lines":{"0":[["                                                                                ",{"fg":0,"bg":0}],["                      ",{}]]},"cursor":{"x":80,"y":1}}],[0.100099,{"cursor":{"x":7,"y":3}}],[0.060423,{"lines":{"4":[["AMIBIOS(C)2008 American Megatrends, Inc.          ",{"fg":7,"bg":0}],["                              ",{"fg":0,"bg":0}],["                      ",{}]]},"cursor":{"x":50,"y":4}}],[0.059597,{"lines":{"4":[["AMIBIOS(C)2008 American Megatrends, Inc.                                        ",{"fg":7,"bg":0}],["                      ",{}]],"5":[["Supermicro X8DTU/X8DTU-F BIOS Date: 08/03/2012 Rev: 2.1c                        ",{"fg":7,"bg":0}],["                      ",{}]]},"cursor":{"x":80,"y":5}}],[0.100244,{"lines":{"6":[["CPU : Intel(R) Xeon(R) CPU           L5520  @ 2.27GHz                           ",{"fg":7,"bg":0}],["                      ",{}]],"7":[[" Speed : 2.26",{"fg":7,"bg":0}],["                                                                   ",{"fg":0,"bg":0}],["                      ",{}]]},"cursor":{"x":13,"y":7}}],[0.059972,{"lines":{"7":[[" Speed : 2.26 GHz    Count : 2                                                  ",{"fg":7,"bg":0}],["                      ",{}]],"8":[["                                                                        ",{"fg":7,"bg":0}],["        ",{"fg":0,"bg":0}],["                      ",{}]]},"cursor":{"x":72,"y":8}}],[0.059386,{"lines":{"8":[["                                                                                ",{"fg":7,"bg":0}],["                      ",{}]],"9":[["Press DEL to run Setup (F4 on Remote Keyboard)                                  ",{"fg":7,"bg":0}],["                      ",{}]]},"cursor":{"x":80,"y":9}}],[0.100355,{"lines":{"10":[["Press F12 if you want to boot from the network                                  ",{"fg":7,"bg":0}],["                      ",{}]],"11":[["Press F11 fo",{"fg":7,"bg":0}],["                                                                    ",{"fg":0,"bg":0}],["                      ",{}]]},"cursor":{"x":12,"y":11}}],[0.330028,{"lines":{"11":[["Press F11 for BBS POPUP  (F3 on Remote Keyboard)                                ",{"fg":7,"bg":0}],["                      ",{}]],"12":[["The QPI Frequency :5.866GT    ",{"fg":7,"bg":0}],["                                                  ",{"fg":0,"bg":0}],["                      ",{}]]},"cursor":{"x":30,"y":12}}],[0.280381,{"lines":{"12":[["The QPI Frequency :5.866GT                                                      ",{"fg":7,"bg":0}],["                      ",{}]],"13":[[" ",{"fg":0,"bg":0}],["                ing with DDR3 1066 Mhz                                         ",{"fg":7,"bg":0}],["                      ",{}]]},"cursor":{"x":17,"y":13}}],[0.049742,{"lines":{"13":[[" ",{"fg":0,"bg":0}],["                                                                               ",{"fg":7,"bg":0}],["                      ",{}]],"14":[["     ",{"fg":0,"bg":0}],["y Type :RDIMM(ECC mode)                                                    ",{"fg":7,"bg":0}],["                      ",{}]]},"cursor":{"x":5,"y":14}}],[0.06008,{"lines":{"14":[["                                                                                ",{"fg":0,"bg":0}],["                      ",{}]],"15":[["                                                                              ",{"fg":0,"bg":0}],["  ",{"fg":7,"bg":0}],["                      ",{}]]},"cursor":{"x":78,"y":15}}],[0.110536,{"lines":{"15":[["                                                                                ",{"fg":0,"bg":0}],["                      ",{}]],"16":[["                                                                                ",{"fg":0,"bg":0}],["                      ",{}]],"17":[["                                                                                ",{"fg":0,"bg":0}],["                      ",{}]]},"cursor":{"x":80,"y":17}}],[0.109705,{"lines":{"18":[["                                                                                ",{"fg":0,"bg":0}],["                      ",{}]],"19":[["                                                                                ",{"fg":0,"bg":0}],["                      ",{}]]},"cursor":{"y":19}}],[0.109996,{"lines":{"20":[["                                                                                ",{"fg":0,"bg":0}],["                      ",{}]],"21":[["                                                                                ",{"fg":0,"bg":0}],["                      ",{}]]},"cursor":{"y":21}}],[0.109847,{"lines":{"22":[["                                                                                ",{"fg":0,"bg":0}],["                      ",{}]],"23":[["                                                                               ",{"fg":0,"bg":0}],["                       ",{}]]},"cursor":{"x":79,"y":23}}],[0.119697,{"cursor":{"x":80,"y":0}}],[0.220079,{"lines":{"1":[["               ",{}],["                                                                 ",{"fg":7,"bg":0}],["                      ",{}]]},"cursor":{"y":1}}],[0.100746,{"lines":{"2":[["Please wait. This will take few seconds.                                        ",{"fg":7,"bg":0}],["                      ",{}]],"3":[["                                                                                ",{"fg":7,"bg":0}],["                      ",{}]]},"cursor":{"y":3}}],[0.109586,{"lines":{"4":[["                                                                                ",{"fg":7,"bg":0}],["                      ",{}]],"5":[["                                                                                ",{"fg":7,"bg":0}],["                      ",{}]]},"cursor":{"y":5}}],[0.110012,{"lines":{"6":[["                                                                                ",{"fg":7,"bg":0}],["                      ",{}]],"7":[["                                                                                ",{"fg":7,"bg":0}],["                      ",{}]]},"cursor":{"y":7}}],[0.110208,{"lines":{"9":[["                                                                                ",{"fg":7,"bg":0}],["                      ",{}]]},"cursor":{"y":9}}],[0.109798,{"lines":{"10":[["                                                                                ",{"fg":7,"bg":0}],["                      ",{}]],"11":[["                                                                                ",{"fg":7,"bg":0}],["                      ",{}]]},"cursor":{"y":11}}],[0.110264,{"lines":{"12":[["                                                                                ",{"fg":7,"bg":0}],["                      ",{}]],"13":[["                                                                                ",{"fg":7,"bg":0}],["                      ",{}]]},"cursor":{"y":13}}],[0.109835,{"lines":{"14":[["                                                                                ",{"fg":7,"bg":0}],["                      ",{}]],"15":[["                                                                                ",{"fg":7,"bg":0}],["                      ",{}]]},"cursor":{"y":15}}],[0.110397,{"lines":{"16":[["                                                                                ",{"fg":7,"bg":0}],["                      ",{}]],"17":[["                                                                                ",{"fg":7,"bg":0}],["                      ",{}]]},"cursor":{"y":17}}],[0.109529,{"lines":{"18":[["                                                                                ",{"fg":7,"bg":0}],["                      ",{}]],"19":[["                                                                                ",{"fg":7,"bg":0}],["                      ",{}]]},"cursor":{"y":19}}],[0.110163,{"lines":{"20":[["                                                                                ",{"fg":7,"bg":0}],["                      ",{}]],"21":[["                                                                                ",{"fg":7,"bg":0}],["                      ",{}]]},"cursor":{"y":21}}],[0.109829,{"lines":{"22":[["                                                                                ",{"fg":7,"bg":0}],["                      ",{}]],"23":[["                                                                               ",{"fg":7,"bg":0}],["                       ",{}]]},"cursor":{"x":79,"y":23}}],[0.109642,{"lines":{"0":[["Copyright (c) 2003-2008 Intel Corporation                                   10  ",{"fg":7,"bg":0}],["                      ",{}]]},"cursor":{"x":80,"y":0}}],[0.11984,{"lines":{"1":[["** This version supports only Hard Disk and CDROM drives **                     ",{"fg":7,"bg":0}],["                      ",{}]]},"cursor":{"x":0,"y":4}}],[0.700321,{"lines":{"0":[["Copyright (c) 2003-2008 Intel Corporation                                   11  ",{"fg":7,"bg":0}],["                      ",{}]]},"cursor":{"x":54,"y":3}}],[0.059729,{"lines":{"4":[["Controller Bus#00, Device#1F, Function#02: 06 Ports, 04 Devices                 ",{"fg":7,"bg":0}],["                      ",{}]]},"cursor":{"x":80,"y":4}}],[0.100191,{"lines":{"5":[["  Port-00: No device detected                                                   ",{"fg":7,"bg":0}],["                      ",{}]],"6":[["  Port-01:                                                                      ",{"fg":7,"bg":0}],["                      ",{}]]},"cursor":{"x":10,"y":6}}],[0.120359,{"lines":{"0":[["Copyright (c) 2003-2008 Intel Corporation                                   26  ",{"fg":7,"bg":0}],["                      ",{}]],"6":[["  Port-01: No device detected                                                   ",{"fg":7,"bg":0}],["                      ",{}]]},"cursor":{"x":80,"y":0}}],[0.109444,{"lines":{"0":[["Copyright (c) 2003-2008 Intel Corporation                                   27  ",{"fg":7,"bg":0}],["                      ",{}]]}}],[0.111846,{"lines":{"7":[["  Port-02: Hard Disk, ST31000524NS                                              ",{"fg":7,"bg":0}],["                      ",{}]]},"cursor":{"y":7}}],[0.108318,{"lines":{"0":[["Copyright (c) 2003-2008 Intel Corporation                                   21  ",{"fg":7,"bg":0}],["                      ",{}]]},"cursor":{"y":0}}],[0.110005,{"lines":{"0":[["Copyright (c) 2003-2008 Intel Corporation                                   23  ",{"fg":7,"bg":0}],["                      ",{}]]}}],[0.110262,{"lines":{"0":[["Copyright (c) 2003-2008 Intel Corporation                                   26  ",{"fg":7,"bg":0}],["                      ",{}]]}}],[0.109887,{"lines":{"0":[["Copyright (c) 2003-2008 Intel Corporation                                   1F  ",{"fg":7,"bg":0}],["                      ",{}]]}}],[0.10982,{"lines":{"8":[["  Port-03: Hard Disk, ST31000524NS                                              ",{"fg":7,"bg":0}],["                      ",{}]]},"cursor":{"x":0,"y":9}}],[0.109972,{"lines":{"0":[["Copyright (c) 2003-2008 Intel Corporation                                   20  ",{"fg":7,"bg":0}],["                      ",{}]]}}],[0.110032,{"lines":{"0":[["Copyright (c) 2003-2008 Intel Corporation                                   23  ",{"fg":7,"bg":0}],["                      ",{}]]}}],[0.110025,{"lines":{"0":[["Copyright (c) 2003-2008 Intel Corporation                                   26  ",{"fg":7,"bg":0}],["                      ",{}]]}}],[0.110261,{"lines":{"0":[["Copyright (c) 2003-2008 Intel Corporation                                   1F  ",{"fg":7,"bg":0}],["                      ",{}]],"9":[["  Port-04: Hard Disk, ST31000524NS                                              ",{"fg":7,"bg":0}],["                      ",{}]]},"cursor":{"x":80}}],[0.109899,{"lines":{"0":[["Copyright (c) 2003-2008 Intel Corporation                                   20  ",{"fg":7,"bg":0}],["                      ",{}]]},"cursor":{"y":0}}],[0.109819,{"lines":{"0":[["Copyright (c) 2003-2008 Intel Corporation                                   22  ",{"fg":7,"bg":0}],["                      ",{}]]}}],[0.110203,{"lines":{"0":[["Copyright (c) 2003-2008 Intel Corporation                                   26  ",{"fg":7,"bg":0}],["                      ",{}]]}}],[0.109833,{"lines":{"0":[["Copyright (c) 2003-2008 Intel Corporation                                   27  ",{"fg":7,"bg":0}],["                      ",{}]]}}],[0.160082,{"lines":{"0":[["Copyright (c) 2003-2008 Intel Corporation                                   14  ",{"fg":7,"bg":0}],["                      ",{}]]}}],[0.109954,{"lines":{"10":[["  Port-05: Hard Disk, ST31000340NS                                              ",{"fg":7,"bg":0}],["                      ",{}]]},"cursor":{"x":0,"y":11}}],[0.110094,{"lines":{"0":[["Copyright (c) 2003-2008 Intel Corporation                                   16  ",{"fg":7,"bg":0}],["                      ",{}]]},"cursor":{"x":53,"y":10}}],[0.059854,{"lines":{"11":[["AHCI BIOS installed                                                             ",{"fg":7,"bg":0}],["                      ",{}]]},"cursor":{"x":80,"y":11}}],[0.509377,{"cursor":{"x":0,"y":12}}],[0.040849,{"lines":{"0":[["                                                                                ",{"fg":0,"bg":0}],["                      ",{}]]},"cursor":{"x":80,"y":0}}],[0.09991700000000001,{"lines":{"1":[["                                                                                ",{"fg":0,"bg":0}],["                      ",{}]],"2":[["                                                           ",{"fg":0,"bg":0}],["                     ",{"fg":7,"bg":0}],["                      ",{}]]},"cursor":{"x":59,"y":2}}],[0.059761,{"lines":{"2":[["                                                                                ",{"fg":0,"bg":0}],["                      ",{}]],"3":[["                                                                                ",{"fg":0,"bg":0}],["                      ",{}]]},"cursor":{"x":80,"y":3}}],[0.100014,{"lines":{"4":[["                                                                                ",{"fg":0,"bg":0}],["                      ",{}]],"5":[["       ",{"fg":0,"bg":0}],["00: No device detected                                                   ",{"fg":7,"bg":0}],["                      ",{}]]},"cursor":{"x":7,"y":5}}],[0.060195,{"lines":{"5":[["                                                                                ",{"fg":0,"bg":0}],["                      ",{}]],"6":[["                                                               ",{"fg":0,"bg":0}],["                 ",{"fg":7,"bg":0}],["                      ",{}]]},"cursor":{"x":63,"y":6}}],[0.059731,{"lines":{"6":[["                                                                                ",{"fg":0,"bg":0}],["                      ",{}]],"7":[["                                                                                ",{"fg":0,"bg":0}],["                      ",{}]]},"cursor":{"x":80,"y":7}}],[0.100249,{"lines":{"8":[["                                                                                ",{"fg":0,"bg":0}],["                      ",{}]],"9":[["    ",{"fg":0,"bg":0}],["rt-04: Hard Disk, ST31000524NS                                              ",{"fg":7,"bg":0}],["                      ",{}]]},"cursor":{"x":4,"y":9}}],[0.060271,{"lines":{"9":[["                                                                                ",{"fg":0,"bg":0}],["                      ",{}]],"10":[["                                                               ",{"fg":0,"bg":0}],["                 ",{"fg":7,"bg":0}],["                      ",{}]]},"cursor":{"x":63,"y":10}}],[0.059608,{"lines":{"10":[["                                                                                ",{"fg":0,"bg":0}],["                      ",{}]],"11":[["                                                                                ",{"fg":0,"bg":0}],["                      ",{}]]},"cursor":{"x":80,"y":11}}],[0.10023,{"lines":{"12":[["                                                                                ",{"fg":0,"bg":0}],["                      ",{}]]},"cursor":{"x":0,"y":13}}],[0.059922,{"lines":{"13":[["The IMC is operating with DDR3 1066 Mhz                                         ",{"fg":7,"bg":0}],["                      ",{}]],"14":[["Memory Type :RDIMM(ECC mode)                                                    ",{"fg":7,"bg":0}],["                      ",{}]]},"cursor":{"x":73,"y":14}}],[0.340099,{"lines":{"15":[["Initializing USB Controllers .. Done.                                           ",{"fg":7,"bg":0}],["                      ",{}]],"16":[["36856MB OK                                                                      ",{"fg":7,"bg":0}],["                      ",{}]]},"cursor":{"x":41,"y":16}}],[0.049735,{"lines":{"17":[["USB Device(s): 2 Keyboards, 1 Mouse (including IPMI KVM)                        ",{"fg":7,"bg":0}],["                      ",{}]]},"cursor":{"x":80,"y":17}}],[0.110062,{"lines":{"18":[["Auto-det                                                                        ",{"fg":7,"bg":0}],["                      ",{}]],"19":[["00 USB mass storage devices found and configured.                               ",{"fg":7,"bg":0}],["                      ",{}]]},"cursor":{"y":19}}],[0.399924,{"cursor":{"x":22,"y":21}}],[0.029939,{"cursor":{"x":31,"y":22}}],[0.060325,{"lines":{"23":[["                                                                           0078",{"fg":7,"bg":0}],["                       ",{}]]},"cursor":{"x":79,"y":23}}],[0.109591,{"cursor":{"x":74,"y":0}}],[0.110236,{"cursor":{"x":80,"y":2}}],[0.109992,{"lines":{"4":[["AMIBIOS(C)2008 American Megatrends, Inc.                                        ",{"fg":7,"bg":0}],["                      ",{}]]},"cursor":{"y":4}}],[0.110354,{"lines":{"5":[["Supermicro X8DTU/X8DTU-F BIOS Date: 08/03/2012 Rev: 2.1c                        ",{"fg":7,"bg":0}],["                      ",{}]],"6":[["CPU : Intel(R) Xeon(R) CPU           L5520  @ 2.27GHz                           ",{"fg":7,"bg":0}],["                      ",{}]]},"cursor":{"y":6}}],[0.109802,{"lines":{"7":[[" Speed : 2.26 GHz    Count : 2                                                  ",{"fg":7,"bg":0}],["                      ",{}]],"8":[["                                                                                ",{"fg":7,"bg":0}],["                      ",{}]]},"cursor":{"y":8}}],[0.110068,{"lines":{"9":[["Press DEL to run Setup (F4 on Remote Keyboard)                                  ",{"fg":7,"bg":0}],["                      ",{}]],"10":[["Press F12 if you want to boot from the network                       ",{"fg":7,"bg":0}],["           ",{"fg":0,"bg":0}],["                      ",{}]]},"cursor":{"x":69,"y":10}}],[0.059561,{"lines":{"10":[["Press F12 if you want to boot from the network                                  ",{"fg":7,"bg":0}],["                      ",{}]],"11":[["Press F11 for BBS POPUP  (F3 on Remote Keyboard)                                ",{"fg":7,"bg":0}],["                      ",{}]]},"cursor":{"x":80,"y":11}}],[0.100219,{"lines":{"12":[["The QPI Frequency :5.866GT                                                      ",{"fg":7,"bg":0}],["                      ",{}]]},"cursor":{"x":43,"y":20}}],[0.059915,{"lines":{"21":[["BMC Responding                                                                  ",{"fg":7,"bg":0}],["                      ",{}]]},"cursor":{"x":80,"y":21}}],[0.110208,{"lines":{"22":[["Checking NVRAM..                                                                ",{"fg":7,"bg":0}],["                      ",{}]],"23":[["                                                                           00AB",{"fg":7,"bg":0}],["                       ",{}]]},"cursor":{"x":79,"y":23}}],[0.400286,{"lines":{"0":[["                                                                                ",{"fg":7,"bg":0}],["                      ",{}]]},"cursor":{"x":80,"y":0}}],[0.089728,{"lines":{"1":[["                                                                                ",{"fg":7,"bg":0}],["                      ",{}]],"2":[["                                                 ",{"fg":7,"bg":0}],["                               ",{"fg":0,"bg":0}],["                      ",{}]]},"cursor":{"x":49,"y":2}}],[0.509373,{"lines":{"2":[["                                                                                ",{"fg":7,"bg":0}],["                      ",{}]]},"cursor":{"x":80}}],[4.800865,{"lines":{"0":[["                                                                                                      ",{}]],"1":[["                                                                                                      ",{}]],"2":[["                                                                                                      ",{}]],"3":[["                                                                                                      ",{}]],"4":[["                                                                                                      ",{}]],"5":[["                                                                                                      ",{}]],"6":[["                                                                                                      ",{}]],"7":[["                                                                                                      ",{}]],"8":[["                                                                                                      ",{}]],"9":[["                                                                                                      ",{}]],"10":[["                                                                                                      ",{}]],"11":[["                                                                                                      ",{}]],"12":[["                                                                                                      ",{}]],"13":[["                                                                                                      ",{}]],"14":[["                                                                                                      ",{}]],"15":[["                                                                                                      ",{}]],"16":[["                                                                                                      ",{}]],"17":[["                                                                                                      ",{}]],"18":[["                                                                                                      ",{}]],"19":[["      Use the ^ and v keys to change the selection.                                                   ",{}]],"20":[["                                                                                                      ",{}]],"21":[["                                                                                                      ",{}]],"22":[["                                                                                                      ",{}]],"23":[["                                                                                                      ",{}]]},"cursor":{"x":5,"y":20,"visible":false}}],[0.010278,{"lines":{"3":[["      Fedora Rawhide               ",{"inverse":true}],["                                                                   ",{}]],"20":[["      Press 'e' to edit the selected item, or 'c' for a command prompt.                               ",{}]]},"cursor":{"x":35,"y":3}}],[0.009736,{"lines":{"3":[["      Fedora Rawhide                                                           ",{"inverse":true}],["                       ",{}]],"4":[["      Proxmox VE 3.2 installer                                                                        ",{}]]},"cursor":{"x":52,"y":4}}],[0.00967,{"lines":{"5":[["      Debian Wheezy installer                                                                         ",{}]]},"cursor":{"x":51,"y":5}}],[0.010253,{"lines":{"6":[["      Memtest86+ 5.01                                                                                 ",{}]]},"cursor":{"y":6}}],[0.009998999999999999,{"cursor":{"x":69,"y":7}}],[0.010307,{"cursor":{"x":79,"y":8}}],[0.010191,{"cursor":{"x":78,"y":9}}],[0.009453,{"cursor":{"x":11,"y":11}}],[0.010092,{"cursor":{"x":17,"y":12}}],[0.010003,{"cursor":{"x":30,"y":13}}],[0.009768000000000001,{"cursor":{"x":43,"y":14}}],[0.010329,{"cursor":{"x":54,"y":15}}],[0.010034,{"cursor":{"x":55,"y":16}}],[0.009816999999999999,{"cursor":{"x":57,"y":17}}],[0.00957,{"lines":{"21":[["   The selected entry will be started automatically in                                                ",{}]]},"cursor":{"x":54,"y":21}}],[0.50963,{"lines":{"21":[["   The selected entry will be started automatically in 5s.                                            ",{}]]},"cursor":{"x":78,"y":3}}],[0.811443,{"lines":{"21":[["   The selected entry will be started automatically in 4s.                                            ",{}]]}}],[0.009861999999999999,{"lines":{"21":[["                                                                                                      ",{}]]},"cursor":{"x":10,"y":22}}],[0.010038,{"lines":{"3":[["      Fedora Rawhide         ",{}],["                                                  ",{"inverse":true}],["                       ",{}]]},"cursor":{"x":29,"y":3}}],[0.009433,{"lines":{"3":[["      Fedora Rawhide                                                                                  ",{}]],"4":[["      Proxmox VE 3.2 installer            ",{"inverse":true}],["                                                            ",{}]]},"cursor":{"x":42,"y":4}}],[0.5093220000000001,{"lines":{"4":[["      Proxmox VE 3.2 installer                                                 ",{"inverse":true}],["                       ",{}]]},"cursor":{"x":78}}],[0.120867,{"lines":{"4":[["      Proxmox VE 3.2 installer                                                                        ",{}]],"5":[["      Debian Wheezy installer                                                  ",{"inverse":true}],["                       ",{}]]},"cursor":{"x":79,"y":5}}],[0.508908,{"cursor":{"x":78}}],[0.690155,{"lines":{"3":[["                                                                                                      ",{}]],"4":[["                                                                                                      ",{}]],"5":[["                                                                                                      ",{}]],"6":[["                                                                                                      ",{}]],"19":[["                                                                                                      ",{}]],"20":[["                                                                                                      ",{}]]},"cursor":{"x":0,"y":0,"visible":true}}],[5.47116,{"lines":{"0":[["[    0.000000] Initializing cgroup subsys cpuset                                                      ",{}]],"1":[["[    0.000000] Initializing cgroup subsys cpu                                                         ",{}]],"2":[["[    0.000000] Linux version 3.                                                                       ",{}]]},"cursor":{"x":31,"y":2}}],[0.009828999999999999,{"lines":{"2":[["[    0.000000] Linux version 3.2.0-4-amd64 (debian-kernel@lists.debian.org) (gcc version 4.6.3 (Debian",{}]],"3":[[" 4.6.3-14) ) #1 SMP Debian 3.2.57-3                                                                   ",{}]],"4":[["[    0.00000                                                                                          ",{}]]},"cursor":{"x":12,"y":4}}],[0.009976,{"lines":{"4":[["[    0.000000] Command line: BOOT_IMAGE=/wheezy/linux console=tty0 console=ttyS1,115200n8             ",{}]],"5":[["[    0.000000] BIOS-provided physic                                                                   ",{}]]},"cursor":{"x":35,"y":5}}],[0.010284,{"lines":{"5":[["[    0.000000] BIOS-provided physical RAM map:                                                        ",{}]],"6":[["[    0.000000]  BIOS-e820: 0000000000000000 - 000000000009c000 (usable)                               ",{}]],"7":[["[    0.000000]  BIOS-e820: 00                                                                         ",{}]]},"cursor":{"x":29,"y":7}}],[0.009759,{"lines":{"7":[["[    0.000000]  BIOS-e820: 000000000009c000 - 00000000000a0000 (reserved)                             ",{}]],"8":[["[    0.000000]  BIOS-e820: 00000000000e0000 - 0000000000100000 (reserved)                             ",{}]]},"cursor":{"x":73,"y":8}}],[0.010172,{"lines":{"9":[["[    0.000000]  BIOS-e820: 0000000000100000 - 00000000bf780000 (usable)                               ",{}]],"10":[["[    0.000000]  BIOS-e820: 00000000b                                                                  ",{}]]},"cursor":{"x":36,"y":10}}],[0.009592,{"lines":{"10":[["[    0.000000]  BIOS-e820: 00000000bf78e000 - 00000000bf790000 type 9                                 ",{}]],"11":[["[    0.000000]  BIOS-e820: 00000000bf790000 - 00000000bf79e000 (ACPI da                               ",{}]]},"cursor":{"x":71,"y":11}}],[0.010367,{"lines":{"11":[["[    0.000000]  BIOS-e820: 00000000bf790000 - 00000000bf79e000 (ACPI data)                            ",{}]],"12":[["[    0.000000]  BIOS-e820: 00000000bf79e000 - 00000000bf7d0000 (ACPI NVS)                             ",{}]],"13":[["[    0.000000]  BIOS-e820: 000000                                                                     ",{}]]},"cursor":{"x":33,"y":13}}],[0.009771,{"lines":{"13":[["[    0.000000]  BIOS-e820: 00000000bf7d0000 - 00000000bf7e0000 (reserved)                             ",{}]],"14":[["[    0.000000]  BIOS-e820: 00000000bf7ec000 - 00000000c0000000                                        ",{}]]},"cursor":{"x":63,"y":14}}],[0.010304,{"lines":{"14":[["[    0.000000]  BIOS-e820: 00000000bf7ec000 - 00000000c0000000 (reserved)                             ",{}]],"15":[["[    0.000000]  BIOS-e820: 00000000e0000000 - 00000000f0000000 (reserved)                             ",{}]],"16":[["[    0.000000]  BIOS-e820:                                                                            ",{}]]},"cursor":{"x":26,"y":16}}],[0.010145,{"lines":{"16":[["[    0.000000]  BIOS-e820: 00000000fee00000 - 00000000fee01000 (reserved)                             ",{}]],"17":[["[    0.000000]  BIOS-e820: 00000000ffc00000 - 0000000100000000 (reser                                 ",{}]]},"cursor":{"x":69,"y":17}}],[0.009672999999999999,{"lines":{"17":[["[    0.000000]  BIOS-e820: 00000000ffc00000 - 0000000100000000 (reserved)                             ",{}]],"18":[["[    0.000000]  BIOS-e820: 0000000100000000 - 0000000940000000 (usable)                               ",{}]],"19":[["[    0.000000] NX (Execute Disable) pr                                                                ",{}]]},"cursor":{"x":38,"y":19}}],[0.010067,{"lines":{"19":[["[    0.000000] NX (Execute Disable) protection: active                                                ",{}]],"20":[["[    0.000000] SMBIOS 2.6 present.                                                                    ",{}]],"21":[["[    0.000000] No AGP bridge found                                                                    ",{}]],"22":[["[    0.000000] last_                                                                                  ",{}]]},"cursor":{"x":20,"y":22}}],[0.009835,{"lines":{"22":[["[    0.000000] last_pfn = 0x940000 max_arch_pfn = 0x400000000                                         ",{}]],"23":[["[    0.000000] x86 PAT enabled: cpu 0, old 0x7040600070406, new 0x7010600                             ",{}]]},"cursor":{"x":73,"y":23}}],[0.010031,{"lines":{"23":[["[    0.000000] x86 PAT enabled: cpu 0, old 0x7040600070406, new 0x7010600070106                       ",{}]],"24":[["[    0.000000] last_pfn = 0xbf780 max_arch_pfn = 0x400000000                                          ",{}]],"25":[["[    0.000000] found SMP MP-tabl                                                                      ",{}]]},"cursor":{"x":32,"y":25}}],[0.010307,{"lines":{"25":[["[    0.000000] found SMP MP-table at [ffff8800000ff780] ff780                                         ",{}]],"26":[["[    0.000000] init_memory_mapping: 0000000000000000-00000000bf780000                                 ",{}]],"27":[["[    0.000000                                                                                         ",{}]]},"cursor":{"x":13,"y":27}}],[0.00954,{"lines":{"27":[["[    0.000000] init_memory_mapping: 0000000100000000-0000000940000000                                 ",{}]],"28":[["[    0.000000] RAMDISK: 36b64000 - 375aa000                                                           ",{}]],"29":[["[                                                                                                     ",{}]]},"cursor":{"x":4,"y":29}}],[0.010096,{"lines":{"29":[["[    0.000000] ACPI: RSDP 00000000000face0 00024 (v02 ACPIAM)                                         ",{}]],"30":[["[    0.000000] ACPI: XSDT 00000000bf7901                                                              ",{}]]},"cursor":{"x":40,"y":30}}],[0.010377,{"lines":{"30":[["[    0.000000] ACPI: XSDT 00000000bf790100 0008C (v01 SMCI            20120803 MSFT 00000097)         ",{}]],"31":[["[    0.000000] ACPI: FACP 00000000bf790290 000F4 (v04 080312                                          ",{}]]},"cursor":{"x":61,"y":31}}],[0.009738999999999999,{"lines":{"31":[["[    0.000000] ACPI: FACP 00000000bf790290 000F4 (v04 080312 FACP1521 20120803 MSFT 00000097)         ",{}]],"32":[["[    0.000000] ACPI: DSDT 00000000bf7906a0 06580 (v02  10600 10600000 00000000 INTL 2                 ",{}]]},"cursor":{"x":85,"y":32}}],[0.010781,{"lines":{"32":[["[    0.000000] ACPI: DSDT 00000000bf7906a0 06580 (v02  10600 10600000 00000000 INTL 20051117)         ",{}]],"33":[["[    0.000000] ACPI: FACS 00000000bf79e000 00040                                                      ",{}]],"34":[["[    0.000000] ACPI: APIC 00000000bf790390 0011E (v0                                                  ",{}]]},"cursor":{"x":52,"y":34}}],[0.009450999999999999,{"lines":{"34":[["[    0.000000] ACPI: APIC 00000000bf790390 0011E (v02 080312 APIC1521 20120803 MSFT 00000097)         ",{}]],"35":[["[    0.000000] ACPI: MCFG 00000000bf7904b0 0003C (v01 080312 OEMMCFG  2012080                         ",{}]]},"cursor":{"x":77,"y":35}}],[0.01024,{"lines":{"35":[["[    0.000000] ACPI: MCFG 00000000bf7904b0 0003C (v01 080312 OEMMCFG  20120803 MSFT 00000097)         ",{}]],"36":[["[    0.000000] ACPI: SLIT 00000000bf7904f0 00030 (v01 080312 OEMSLIT  20120803 MSFT 00000097)         ",{}]]},"cursor":{"x":0,"y":37}}],[0.009436,{"lines":{"37":[["[    0.000000] ACPI: OEMB 00000000bf79e040 00086 (v01 080312 OEMB1521 20120803 MSFT 00000097)         ",{}]],"38":[["[    0.000000] ACPI: S                                                                                ",{}]]},"cursor":{"x":22,"y":38}}],[0.009915,{"lines":{"38":[["[    0.000000] ACPI: SRAT 00000000bf79a6a0 001D0 (v02 080312 OEMSRAT  00000001 INTL 00000001)         ",{}]],"39":[["[    0.000000] ACPI: HPET 00000000bf7                                                                 ",{}]]},"cursor":{"x":37,"y":39}}],[0.010037,{"lines":{"39":[["[    0.000000] ACPI: HPET 00000000bf79a870 00038 (v01 080312 OEMHPET  20120803 MSFT 00000097)         ",{}]],"40":[["[    0.000000] ACPI: DMAR 00000000bf79e0d0 00                                                         ",{}]]},"cursor":{"x":45,"y":40}}],[0.009941,{"lines":{"40":[["[    0.000000] ACPI: DMAR 00000000bf79e0d0 00128 (v01    AMI  OEMDMAR 00000001 MSFT 00000097)         ",{}]],"41":[["[    0.000000] ACPI: SSDT 00000000bf7a1710 00363 (v01 DpgPmm    Cp                                    ",{}]]},"cursor":{"x":66,"y":41}}],[0.010294,{"lines":{"41":[["[    0.000000] ACPI: SSDT 00000000bf7a1710 00363 (v01 DpgPmm    CpuPm 00000012 INTL 20051117)         ",{}]],"42":[["[    0.000000] ACPI: EINJ 00000000bf79a8b0 00130 (v01  AMIER AMI_EINJ 2012                            ",{}]]},"cursor":{"x":74,"y":42}}],[0.009825,{"lines":{"42":[["[    0.000000] ACPI: EINJ 00000000bf79a8b0 00130 (v01  AMIER AMI_EINJ 20120803 MSFT 00000097)         ",{}]],"43":[["[    0.000000] ACPI: BERT 00000000bf79aa40 00030 (v01  AMIER AMI_BERT 20120803 MSFT 00000097)         ",{}]],"44":[["[                                                                                                     ",{}]]},"cursor":{"x":3,"y":44}}],[0.010123,{"lines":{"44":[["[    0.000000] ACPI: ERST 00000000bf79aa70 001B0 (v01  AMIER AMI_ERST 20120803 MSFT 00000097)         ",{}]],"45":[["[    0.000000] ACPI:                                                                                  ",{}]]},"cursor":{"x":20,"y":45}}],[0.009939999999999999,{"lines":{"45":[["[    0.000000] ACPI: HEST 00000000bf79ac20 000A8 (v01  AMIER ABC_HEST 20120803 MSFT 00000097)         ",{}]],"46":[["[    0.000000] SRAT: PXM 0 -> APIC 0x00 -                                                             ",{}]]},"cursor":{"x":41,"y":46}}],[0.009901,{"lines":{"46":[["[    0.000000] SRAT: PXM 0 -> APIC 0x00 -> Node 0                                                     ",{}]],"47":[["[    0.000000] SRAT: PXM 0 -> APIC 0x02 -> Node 0                                                     ",{}]],"48":[["[    0.000000] SRAT: PXM 0 -> APIC 0x04 -> Node 0                                                     ",{}]],"49":[["[                                                                                                     ",{}]]},"cursor":{"x":3,"y":49}}],[0.010115,{"lines":{"49":[["[    0.000000] SRAT: PXM 0 -> APIC 0x06 -> Node 0                                                     ",{}]],"50":[["[    0.000000] SRAT: PXM 0 -> APIC 0x01 -> Node 0                                                     ",{}]],"51":[["[    0.000000]                                                                                        ",{}]]},"cursor":{"x":14,"y":51}}],[0.010184,{"lines":{"51":[["[    0.000000] SRAT: PXM 0 -> APIC 0x03 -> Node 0                                                     ",{}]],"52":[["[    0.000000] SRAT: PXM 0 -> APIC 0x05 -> Node 0                                                     ",{}]],"53":[["[    0.000000] SRAT: PXM 0 -                                                                          ",{}]]},"cursor":{"x":28,"y":53}}],[0.009960999999999999,{"lines":{"53":[["[    0.000000] SRAT: PXM 0 -> APIC 0x07 -> Node 0                                                     ",{}]],"54":[["[    0.000000] SRAT: PXM 1 -> APIC 0x10 -> Node 1                                                     ",{}]],"55":[["[    0.000000] SRAT: PXM 1 -> APIC 0x12 ->                                                            ",{}]]},"cursor":{"x":43,"y":55}}],[0.009554,{"lines":{"0":[["[    0.000000] Initializing cgroup subsys cpu                                                         ",{}]],"1":[["[    0.000000] Linux version 3.2.0-4-amd64 (debian-kernel@lists.debian.org) (gcc version 4.6.3 (Debian",{}]],"2":[[" 4.6.3-14) ) #1 SMP Debian 3.2.57-3                                                                   ",{}]],"3":[["[    0.000000] Command line: BOOT_IMAGE=/wheezy/linux console=tty0 console=ttyS1,115200n8             ",{}]],"4":[["[    0.000000] BIOS-provided physical RAM map:                                                        ",{}]],"5":[["[    0.000000]  BIOS-e820: 0000000000000000 - 000000000009c000 (usable)                               ",{}]],"6":[["[    0.000000]  BIOS-e820: 000000000009c000 - 00000000000a0000 (reserved)                             ",{}]],"7":[["[    0.000000]  BIOS-e820: 00000000000e0000 - 0000000000100000 (reserved)                             ",{}]],"8":[["[    0.000000]  BIOS-e820: 0000000000100000 - 00000000bf780000 (usable)                               ",{}]],"9":[["[    0.000000]  BIOS-e820: 00000000bf78e000 - 00000000bf790000 type 9                                 ",{}]],"10":[["[    0.000000]  BIOS-e820: 00000000bf790000 - 00000000bf79e000 (ACPI data)                            ",{}]],"11":[["[    0.000000]  BIOS-e820: 00000000bf79e000 - 00000000bf7d0000 (ACPI NVS)                             ",{}]],"12":[["[    0.000000]  BIOS-e820: 00000000bf7d0000 - 00000000bf7e0000 (reserved)                             ",{}]],"13":[["[    0.000000]  BIOS-e820: 00000000bf7ec000 - 00000000c0000000 (reserved)                             ",{}]],"14":[["[    0.000000]  BIOS-e820: 00000000e0000000 - 00000000f0000000 (reserved)                             ",{}]],"15":[["[    0.000000]  BIOS-e820: 00000000fee00000 - 00000000fee01000 (reserved)                             ",{}]],"16":[["[    0.000000]  BIOS-e820: 00000000ffc00000 - 0000000100000000 (reserved)                             ",{}]],"17":[["[    0.000000]  BIOS-e820: 0000000100000000 - 0000000940000000 (usable)                               ",{}]],"18":[["[    0.000000] NX (Execute Disable) protection: active                                                ",{}]],"19":[["[    0.000000] SMBIOS 2.6 present.                                                                    ",{}]],"20":[["[    0.000000] No AGP bridge found                                                                    ",{}]],"21":[["[    0.000000] last_pfn = 0x940000 max_arch_pfn = 0x400000000                                         ",{}]],"22":[["[    0.000000] x86 PAT enabled: cpu 0, old 0x7040600070406, new 0x7010600070106                       ",{}]],"23":[["[    0.000000] last_pfn = 0xbf780 max_arch_pfn = 0x400000000                                          ",{}]],"24":[["[    0.000000] found SMP MP-table at [ffff8800000ff780] ff780                                         ",{}]],"25":[["[    0.000000] init_memory_mapping: 0000000000000000-00000000bf780000                                 ",{}]],"26":[["[    0.000000] init_memory_mapping: 0000000100000000-0000000940000000                                 ",{}]],"27":[["[    0.000000] RAMDISK: 36b64000 - 375aa000                                                           ",{}]],"28":[["[    0.000000] ACPI: RSDP 00000000000face0 00024 (v02 ACPIAM)                                         ",{}]],"29":[["[    0.000000] ACPI: XSDT 00000000bf790100 0008C (v01 SMCI            20120803 MSFT 00000097)         ",{}]],"30":[["[    0.000000] ACPI: FACP 00000000bf790290 000F4 (v04 080312 FACP1521 20120803 MSFT 00000097)         ",{}]],"31":[["[    0.000000] ACPI: DSDT 00000000bf7906a0 06580 (v02  10600 10600000 00000000 INTL 20051117)         ",{}]],"32":[["[    0.000000] ACPI: FACS 00000000bf79e000 00040                                                      ",{}]],"33":[["[    0.000000] ACPI: APIC 00000000bf790390 0011E (v02 080312 APIC1521 20120803 MSFT 00000097)         ",{}]],"34":[["[    0.000000] ACPI: MCFG 00000000bf7904b0 0003C (v01 080312 OEMMCFG  20120803 MSFT 00000097)         ",{}]],"35":[["[    0.000000] ACPI: SLIT 00000000bf7904f0 00030 (v01 080312 OEMSLIT  20120803 MSFT 00000097)         ",{}]],"36":[["[    0.000000] ACPI: OEMB 00000000bf79e040 00086 (v01 080312 OEMB1521 20120803 MSFT 00000097)         ",{}]],"37":[["[    0.000000] ACPI: SRAT 00000000bf79a6a0 001D0 (v02 080312 OEMSRAT  00000001 INTL 00000001)         ",{}]],"38":[["[    0.000000] ACPI: HPET 00000000bf79a870 00038 (v01 080312 OEMHPET  20120803 MSFT 00000097)         ",{}]],"39":[["[    0.000000] ACPI: DMAR 00000000bf79e0d0 00128 (v01    AMI  OEMDMAR 00000001 MSFT 00000097)         ",{}]],"40":[["[    0.000000] ACPI: SSDT 00000000bf7a1710 00363 (v01 DpgPmm    CpuPm 00000012 INTL 20051117)         ",{}]],"41":[["[    0.000000] ACPI: EINJ 00000000bf79a8b0 00130 (v01  AMIER AMI_EINJ 20120803 MSFT 00000097)         ",{}]],"42":[["[    0.000000] ACPI: BERT 00000000bf79aa40 00030 (v01  AMIER AMI_BERT 20120803 MSFT 00000097)         ",{}]],"43":[["[    0.000000] ACPI: ERST 00000000bf79aa70 001B0 (v01  AMIER AMI_ERST 20120803 MSFT 00000097)         ",{}]],"44":[["[    0.000000] ACPI: HEST 00000000bf79ac20 000A8 (v01  AMIER ABC_HEST 20120803 MSFT 00000097)         ",{}]],"45":[["[    0.000000] SRAT: PXM 0 -> APIC 0x00 -> Node 0                                                     ",{}]],"46":[["[    0.000000] SRAT: PXM 0 -> APIC 0x02 -> Node 0                                                     ",{}]],"47":[["[    0.000000] SRAT: PXM 0 -> APIC 0x04 -> Node 0                                                     ",{}]],"48":[["[    0.000000] SRAT: PXM 0 -> APIC 0x06 -> Node 0                                                     ",{}]],"49":[["[    0.000000] SRAT: PXM 0 -> APIC 0x01 -> Node 0                                                     ",{}]],"50":[["[    0.000000] SRAT: PXM 0 -> APIC 0x03 -> Node 0                                                     ",{}]],"51":[["[    0.000000] SRAT: PXM 0 -> APIC 0x05 -> Node 0                                                     ",{}]],"52":[["[    0.000000] SRAT: PXM 0 -> APIC 0x07 -> Node 0                                                     ",{}]],"53":[["[    0.000000] SRAT: PXM 1 -> APIC 0x10 -> Node 1                                                     ",{}]],"54":[["[    0.000000] SRAT: PXM 1 -> APIC 0x12 -> Node 1                                                     ",{}]],"55":[["[    0.000000] SRAT: PXM 1 -> APIC 0x14 -> Node 1                                                     ",{}]],"56":[["[    0.000000] SRAT: PXM 1 -> APIC 0x16 ->                                                            ",{}]]},"cursor":{"x":42,"y":56}}],[0.010608,{"lines":{"0":[[" 4.6.3-14) ) #1 SMP Debian 3.2.57-3                                                                   ",{}]],"1":[["[    0.000000] Command line: BOOT_IMAGE=/wheezy/linux console=tty0 console=ttyS1,115200n8             ",{}]],"2":[["[    0.000000] BIOS-provided physical RAM map:                                                        ",{}]],"3":[["[    0.000000]  BIOS-e820: 0000000000000000 - 000000000009c000 (usable)                               ",{}]],"4":[["[    0.000000]  BIOS-e820: 000000000009c000 - 00000000000a0000 (reserved)                             ",{}]],"5":[["[    0.000000]  BIOS-e820: 00000000000e0000 - 0000000000100000 (reserved)                             ",{}]],"6":[["[    0.000000]  BIOS-e820: 0000000000100000 - 00000000bf780000 (usable)                               ",{}]],"7":[["[    0.000000]  BIOS-e820: 00000000bf78e000 - 00000000bf790000 type 9                                 ",{}]],"8":[["[    0.000000]  BIOS-e820: 00000000bf790000 - 00000000bf79e000 (ACPI data)                            ",{}]],"9":[["[    0.000000]  BIOS-e820: 00000000bf79e000 - 00000000bf7d0000 (ACPI NVS)                             ",{}]],"10":[["[    0.000000]  BIOS-e820: 00000000bf7d0000 - 00000000bf7e0000 (reserved)                             ",{}]],"11":[["[    0.000000]  BIOS-e820: 00000000bf7ec000 - 00000000c0000000 (reserved)                             ",{}]],"12":[["[    0.000000]  BIOS-e820: 00000000e0000000 - 00000000f0000000 (reserved)                             ",{}]],"13":[["[    0.000000]  BIOS-e820: 00000000fee00000 - 00000000fee01000 (reserved)                             ",{}]],"14":[["[    0.000000]  BIOS-e820: 00000000ffc00000 - 0000000100000000 (reserved)                             ",{}]],"15":[["[    0.000000]  BIOS-e820: 0000000100000000 - 0000000940000000 (usable)                               ",{}]],"16":[["[    0.000000] NX (Execute Disable) protection: active                                                ",{}]],"17":[["[    0.000000] SMBIOS 2.6 present.                                                                    ",{}]],"18":[["[    0.000000] No AGP bridge found                                                                    ",{}]],"19":[["[    0.000000] last_pfn = 0x940000 max_arch_pfn = 0x400000000                                         ",{}]],"20":[["[    0.000000] x86 PAT enabled: cpu 0, old 0x7040600070406, new 0x7010600070106                       ",{}]],"21":[["[    0.000000] last_pfn = 0xbf780 max_arch_pfn = 0x400000000                                          ",{}]],"22":[["[    0.000000] found SMP MP-table at [ffff8800000ff780] ff780                                         ",{}]],"23":[["[    0.000000] init_memory_mapping: 0000000000000000-00000000bf780000                                 ",{}]],"24":[["[    0.000000] init_memory_mapping: 0000000100000000-0000000940000000                                 ",{}]],"25":[["[    0.000000] RAMDISK: 36b64000 - 375aa000                                                           ",{}]],"26":[["[    0.000000] ACPI: RSDP 00000000000face0 00024 (v02 ACPIAM)                                         ",{}]],"27":[["[    0.000000] ACPI: XSDT 00000000bf790100 0008C (v01 SMCI            20120803 MSFT 00000097)         ",{}]],"28":[["[    0.000000] ACPI: FACP 00000000bf790290 000F4 (v04 080312 FACP1521 20120803 MSFT 00000097)         ",{}]],"29":[["[    0.000000] ACPI: DSDT 00000000bf7906a0 06580 (v02  10600 10600000 00000000 INTL 20051117)         ",{}]],"30":[["[    0.000000] ACPI: FACS 00000000bf79e000 00040                                                      ",{}]],"31":[["[    0.000000] ACPI: APIC 00000000bf790390 0011E (v02 080312 APIC1521 20120803 MSFT 00000097)         ",{}]],"32":[["[    0.000000] ACPI: MCFG 00000000bf7904b0 0003C (v01 080312 OEMMCFG  20120803 MSFT 00000097)         ",{}]],"33":[["[    0.000000] ACPI: SLIT 00000000bf7904f0 00030 (v01 080312 OEMSLIT  20120803 MSFT 00000097)         ",{}]],"34":[["[    0.000000] ACPI: OEMB 00000000bf79e040 00086 (v01 080312 OEMB1521 20120803 MSFT 00000097)         ",{}]],"35":[["[    0.000000] ACPI: SRAT 00000000bf79a6a0 001D0 (v02 080312 OEMSRAT  00000001 INTL 00000001)         ",{}]],"36":[["[    0.000000] ACPI: HPET 00000000bf79a870 00038 (v01 080312 OEMHPET  20120803 MSFT 00000097)         ",{}]],"37":[["[    0.000000] ACPI: DMAR 00000000bf79e0d0 00128 (v01    AMI  OEMDMAR 00000001 MSFT 00000097)         ",{}]],"38":[["[    0.000000] ACPI: SSDT 00000000bf7a1710 00363 (v01 DpgPmm    CpuPm 00000012 INTL 20051117)         ",{}]],"39":[["[    0.000000] ACPI: EINJ 00000000bf79a8b0 00130 (v01  AMIER AMI_EINJ 20120803 MSFT 00000097)         ",{}]],"40":[["[    0.000000] ACPI: BERT 00000000bf79aa40 00030 (v01  AMIER AMI_BERT 20120803 MSFT 00000097)         ",{}]],"41":[["[    0.000000] ACPI: ERST 00000000bf79aa70 001B0 (v01  AMIER AMI_ERST 20120803 MSFT 00000097)         ",{}]],"42":[["[    0.000000] ACPI: HEST 00000000bf79ac20 000A8 (v01  AMIER ABC_HEST 20120803 MSFT 00000097)         ",{}]],"43":[["[    0.000000] SRAT: PXM 0 -> APIC 0x00 -> Node 0                                                     ",{}]],"44":[["[    0.000000] SRAT: PXM 0 -> APIC 0x02 -> Node 0                                                     ",{}]],"45":[["[    0.000000] SRAT: PXM 0 -> APIC 0x04 -> Node 0                                                     ",{}]],"46":[["[    0.000000] SRAT: PXM 0 -> APIC 0x06 -> Node 0                                                     ",{}]],"47":[["[    0.000000] SRAT: PXM 0 -> APIC 0x01 -> Node 0                                                     ",{}]],"48":[["[    0.000000] SRAT: PXM 0 -> APIC 0x03 -> Node 0                                                     ",{}]],"49":[["[    0.000000] SRAT: PXM 0 -> APIC 0x05 -> Node 0                                                     ",{}]],"50":[["[    0.000000] SRAT: PXM 0 -> APIC 0x07 -> Node 0                                                     ",{}]],"51":[["[    0.000000] SRAT: PXM 1 -> APIC 0x10 -> Node 1                                                     ",{}]],"52":[["[    0.000000] SRAT: PXM 1 -> APIC 0x12 -> Node 1                                                     ",{}]],"53":[["[    0.000000] SRAT: PXM 1 -> APIC 0x14 -> Node 1                                                     ",{}]],"54":[["[    0.000000] SRAT: PXM 1 -> APIC 0x16 -> Node 1                                                     ",{}]],"55":[["[    0.000000] SRAT: PXM 1 -> APIC 0x11 -> Node 1                                                     ",{}]],"56":[["[    0.000000] SRAT: PXM 1 -> APIC 0x13 -                                                             ",{}]]},"cursor":{"x":41}}],[0.009729,{"lines":{"0":[["[    0.000000]  BIOS-e820: 0000000000000000 - 000000000009c000 (usable)                               ",{}]],"1":[["[    0.000000]  BIOS-e820: 000000000009c000 - 00000000000a0000 (reserved)                             ",{}]],"2":[["[    0.000000]  BIOS-e820: 00000000000e0000 - 0000000000100000 (reserved)                             ",{}]],"3":[["[    0.000000]  BIOS-e820: 0000000000100000 - 00000000bf780000 (usable)                               ",{}]],"4":[["[    0.000000]  BIOS-e820: 00000000bf78e000 - 00000000bf790000 type 9                                 ",{}]],"5":[["[    0.000000]  BIOS-e820: 00000000bf790000 - 00000000bf79e000 (ACPI data)                            ",{}]],"6":[["[    0.000000]  BIOS-e820: 00000000bf79e000 - 00000000bf7d0000 (ACPI NVS)                             ",{}]],"7":[["[    0.000000]  BIOS-e820: 00000000bf7d0000 - 00000000bf7e0000 (reserved)                             ",{}]],"8":[["[    0.000000]  BIOS-e820: 00000000bf7ec000 - 00000000c0000000 (reserved)                             ",{}]],"9":[["[    0.000000]  BIOS-e820: 00000000e0000000 - 00000000f0000000 (reserved)                             ",{}]],"10":[["[    0.000000]  BIOS-e820: 00000000fee00000 - 00000000fee01000 (reserved)                             ",{}]],"11":[["[    0.000000]  BIOS-e820: 00000000ffc00000 - 0000000100000000 (reserved)                             ",{}]],"12":[["[    0.000000]  BIOS-e820: 0000000100000000 - 0000000940000000 (usable)                               ",{}]],"13":[["[    0.000000] NX (Execute Disable) protection: active                                                ",{}]],"14":[["[    0.000000] SMBIOS 2.6 present.                                                                    ",{}]],"15":[["[    0.000000] No AGP bridge found                                                                    ",{}]],"16":[["[    0.000000] last_pfn = 0x940000 max_arch_pfn = 0x400000000                                         ",{}]],"17":[["[    0.000000] x86 PAT enabled: cpu 0, old 0x7040600070406, new 0x7010600070106                       ",{}]],"18":[["[    0.000000] last_pfn = 0xbf780 max_arch_pfn = 0x400000000                                          ",{}]],"19":[["[    0.000000] found SMP MP-table at [ffff8800000ff780] ff780                                         ",{}]],"20":[["[    0.000000] init_memory_mapping: 0000000000000000-00000000bf780000                                 ",{}]],"21":[["[    0.000000] init_memory_mapping: 0000000100000000-0000000940000000                                 ",{}]],"22":[["[    0.000000] RAMDISK: 36b64000 - 375aa000                                                           ",{}]],"23":[["[    0.000000] ACPI: RSDP 00000000000face0 00024 (v02 ACPIAM)                                         ",{}]],"24":[["[    0.000000] ACPI: XSDT 00000000bf790100 0008C (v01 SMCI            20120803 MSFT 00000097)         ",{}]],"25":[["[    0.000000] ACPI: FACP 00000000bf790290 000F4 (v04 080312 FACP1521 20120803 MSFT 00000097)         ",{}]],"26":[["[    0.000000] ACPI: DSDT 00000000bf7906a0 06580 (v02  10600 10600000 00000000 INTL 20051117)         ",{}]],"27":[["[    0.000000] ACPI: FACS 00000000bf79e000 00040                                                      ",{}]],"28":[["[    0.000000] ACPI: APIC 00000000bf790390 0011E (v02 080312 APIC1521 20120803 MSFT 00000097)         ",{}]],"29":[["[    0.000000] ACPI: MCFG 00000000bf7904b0 0003C (v01 080312 OEMMCFG  20120803 MSFT 00000097)         ",{}]],"30":[["[    0.000000] ACPI: SLIT 00000000bf7904f0 00030 (v01 080312 OEMSLIT  20120803 MSFT 00000097)         ",{}]],"31":[["[    0.000000] ACPI: OEMB 00000000bf79e040 00086 (v01 080312 OEMB1521 20120803 MSFT 00000097)         ",{}]],"32":[["[    0.000000] ACPI: SRAT 00000000bf79a6a0 001D0 (v02 080312 OEMSRAT  00000001 INTL 00000001)         ",{}]],"33":[["[    0.000000] ACPI: HPET 00000000bf79a870 00038 (v01 080312 OEMHPET  20120803 MSFT 00000097)         ",{}]],"34":[["[    0.000000] ACPI: DMAR 00000000bf79e0d0 00128 (v01    AMI  OEMDMAR 00000001 MSFT 00000097)         ",{}]],"35":[["[    0.000000] ACPI: SSDT 00000000bf7a1710 00363 (v01 DpgPmm    CpuPm 00000012 INTL 20051117)         ",{}]],"36":[["[    0.000000] ACPI: EINJ 00000000bf79a8b0 00130 (v01  AMIER AMI_EINJ 20120803 MSFT 00000097)         ",{}]],"37":[["[    0.000000] ACPI: BERT 00000000bf79aa40 00030 (v01  AMIER AMI_BERT 20120803 MSFT 00000097)         ",{}]],"38":[["[    0.000000] ACPI: ERST 00000000bf79aa70 001B0 (v01  AMIER AMI_ERST 20120803 MSFT 00000097)         ",{}]],"39":[["[    0.000000] ACPI: HEST 00000000bf79ac20 000A8 (v01  AMIER ABC_HEST 20120803 MSFT 00000097)         ",{}]],"40":[["[    0.000000] SRAT: PXM 0 -> APIC 0x00 -> Node 0                                                     ",{}]],"41":[["[    0.000000] SRAT: PXM 0 -> APIC 0x02 -> Node 0                                                     ",{}]],"42":[["[    0.000000] SRAT: PXM 0 -> APIC 0x04 -> Node 0                                                     ",{}]],"43":[["[    0.000000] SRAT: PXM 0 -> APIC 0x06 -> Node 0                                                     ",{}]],"44":[["[    0.000000] SRAT: PXM 0 -> APIC 0x01 -> Node 0                                                     ",{}]],"45":[["[    0.000000] SRAT: PXM 0 -> APIC 0x03 -> Node 0                                                     ",{}]],"46":[["[    0.000000] SRAT: PXM 0 -> APIC 0x05 -> Node 0                                                     ",{}]],"47":[["[    0.000000] SRAT: PXM 0 -> APIC 0x07 -> Node 0                                                     ",{}]],"48":[["[    0.000000] SRAT: PXM 1 -> APIC 0x10 -> Node 1                                                     ",{}]],"49":[["[    0.000000] SRAT: PXM 1 -> APIC 0x12 -> Node 1                                                     ",{}]],"50":[["[    0.000000] SRAT: PXM 1 -> APIC 0x14 -> Node 1                                                     ",{}]],"51":[["[    0.000000] SRAT: PXM 1 -> APIC 0x16 -> Node 1                                                     ",{}]],"52":[["[    0.000000] SRAT: PXM 1 -> APIC 0x11 -> Node 1                                                     ",{}]],"53":[["[    0.000000] SRAT: PXM 1 -> APIC 0x13 -> Node 1                                                     ",{}]],"54":[["[    0.000000] SRAT: PXM 1 -> APIC 0x15 -> Node 1                                                     ",{}]],"55":[["[    0.000000] SRAT: PXM 1 -> APIC 0x17 -> Node 1                                                     ",{}]],"56":[["[    0.000                                                                                            ",{}]]},"cursor":{"x":10}}],[0.009712,{"lines":{"0":[["[    0.000000]  BIOS-e820: 00000000000e0000 - 0000000000100000 (reserved)                             ",{}]],"1":[["[    0.000000]  BIOS-e820: 0000000000100000 - 00000000bf780000 (usable)                               ",{}]],"2":[["[    0.000000]  BIOS-e820: 00000000bf78e000 - 00000000bf790000 type 9                                 ",{}]],"3":[["[    0.000000]  BIOS-e820: 00000000bf790000 - 00000000bf79e000 (ACPI data)                            ",{}]],"4":[["[    0.000000]  BIOS-e820: 00000000bf79e000 - 00000000bf7d0000 (ACPI NVS)                             ",{}]],"5":[["[    0.000000]  BIOS-e820: 00000000bf7d0000 - 00000000bf7e0000 (reserved)                             ",{}]],"6":[["[    0.000000]  BIOS-e820: 00000000bf7ec000 - 00000000c0000000 (reserved)                             ",{}]],"7":[["[    0.000000]  BIOS-e820: 00000000e0000000 - 00000000f0000000 (reserved)                             ",{}]],"8":[["[    0.000000]  BIOS-e820: 00000000fee00000 - 00000000fee01000 (reserved)                             ",{}]],"9":[["[    0.000000]  BIOS-e820: 00000000ffc00000 - 0000000100000000 (reserved)                             ",{}]],"10":[["[    0.000000]  BIOS-e820: 0000000100000000 - 0000000940000000 (usable)                               ",{}]],"11":[["[    0.000000] NX (Execute Disable) protection: active                                                ",{}]],"12":[["[    0.000000] SMBIOS 2.6 present.                                                                    ",{}]],"13":[["[    0.000000] No AGP bridge found                                                                    ",{}]],"14":[["[    0.000000] last_pfn = 0x940000 max_arch_pfn = 0x400000000                                         ",{}]],"15":[["[    0.000000] x86 PAT enabled: cpu 0, old 0x7040600070406, new 0x7010600070106                       ",{}]],"16":[["[    0.000000] last_pfn = 0xbf780 max_arch_pfn = 0x400000000                                          ",{}]],"17":[["[    0.000000] found SMP MP-table at [ffff8800000ff780] ff780                                         ",{}]],"18":[["[    0.000000] init_memory_mapping: 0000000000000000-00000000bf780000                                 ",{}]],"19":[["[    0.000000] init_memory_mapping: 0000000100000000-0000000940000000                                 ",{}]],"20":[["[    0.000000] RAMDISK: 36b64000 - 375aa000                                                           ",{}]],"21":[["[    0.000000] ACPI: RSDP 00000000000face0 00024 (v02 ACPIAM)                                         ",{}]],"22":[["[    0.000000] ACPI: XSDT 00000000bf790100 0008C (v01 SMCI            20120803 MSFT 00000097)         ",{}]],"23":[["[    0.000000] ACPI: FACP 00000000bf790290 000F4 (v04 080312 FACP1521 20120803 MSFT 00000097)         ",{}]],"24":[["[    0.000000] ACPI: DSDT 00000000bf7906a0 06580 (v02  10600 10600000 00000000 INTL 20051117)         ",{}]],"25":[["[    0.000000] ACPI: FACS 00000000bf79e000 00040                                                      ",{}]],"26":[["[    0.000000] ACPI: APIC 00000000bf790390 0011E (v02 080312 APIC1521 20120803 MSFT 00000097)         ",{}]],"27":[["[    0.000000] ACPI: MCFG 00000000bf7904b0 0003C (v01 080312 OEMMCFG  20120803 MSFT 00000097)         ",{}]],"28":[["[    0.000000] ACPI: SLIT 00000000bf7904f0 00030 (v01 080312 OEMSLIT  20120803 MSFT 00000097)         ",{}]],"29":[["[    0.000000] ACPI: OEMB 00000000bf79e040 00086 (v01 080312 OEMB1521 20120803 MSFT 00000097)         ",{}]],"30":[["[    0.000000] ACPI: SRAT 00000000bf79a6a0 001D0 (v02 080312 OEMSRAT  00000001 INTL 00000001)         ",{}]],"31":[["[    0.000000] ACPI: HPET 00000000bf79a870 00038 (v01 080312 OEMHPET  20120803 MSFT 00000097)         ",{}]],"32":[["[    0.000000] ACPI: DMAR 00000000bf79e0d0 00128 (v01    AMI  OEMDMAR 00000001 MSFT 00000097)         ",{}]],"33":[["[    0.000000] ACPI: SSDT 00000000bf7a1710 00363 (v01 DpgPmm    CpuPm 00000012 INTL 20051117)         ",{}]],"34":[["[    0.000000] ACPI: EINJ 00000000bf79a8b0 00130 (v01  AMIER AMI_EINJ 20120803 MSFT 00000097)         ",{}]],"35":[["[    0.000000] ACPI: BERT 00000000bf79aa40 00030 (v01  AMIER AMI_BERT 20120803 MSFT 00000097)         ",{}]],"36":[["[    0.000000] ACPI: ERST 00000000bf79aa70 001B0 (v01  AMIER AMI_ERST 20120803 MSFT 00000097)         ",{}]],"37":[["[    0.000000] ACPI: HEST 00000000bf79ac20 000A8 (v01  AMIER ABC_HEST 20120803 MSFT 00000097)         ",{}]],"38":[["[    0.000000] SRAT: PXM 0 -> APIC 0x00 -> Node 0                                                     ",{}]],"39":[["[    0.000000] SRAT: PXM 0 -> APIC 0x02 -> Node 0                                                     ",{}]],"40":[["[    0.000000] SRAT: PXM 0 -> APIC 0x04 -> Node 0                                                     ",{}]],"41":[["[    0.000000] SRAT: PXM 0 -> APIC 0x06 -> Node 0                                                     ",{}]],"42":[["[    0.000000] SRAT: PXM 0 -> APIC 0x01 -> Node 0                                                     ",{}]],"43":[["[    0.000000] SRAT: PXM 0 -> APIC 0x03 -> Node 0                                                     ",{}]],"44":[["[    0.000000] SRAT: PXM 0 -> APIC 0x05 -> Node 0                                                     ",{}]],"45":[["[    0.000000] SRAT: PXM 0 -> APIC 0x07 -> Node 0                                                     ",{}]],"46":[["[    0.000000] SRAT: PXM 1 -> APIC 0x10 -> Node 1                                                     ",{}]],"47":[["[    0.000000] SRAT: PXM 1 -> APIC 0x12 -> Node 1                                                     ",{}]],"48":[["[    0.000000] SRAT: PXM 1 -> APIC 0x14 -> Node 1                                                     ",{}]],"49":[["[    0.000000] SRAT: PXM 1 -> APIC 0x16 -> Node 1                                                     ",{}]],"50":[["[    0.000000] SRAT: PXM 1 -> APIC 0x11 -> Node 1                                                     ",{}]],"51":[["[    0.000000] SRAT: PXM 1 -> APIC 0x13 -> Node 1                                                     ",{}]],"52":[["[    0.000000] SRAT: PXM 1 -> APIC 0x15 -> Node 1                                                     ",{}]],"53":[["[    0.000000] SRAT: PXM 1 -> APIC 0x17 -> Node 1                                                     ",{}]],"54":[["[    0.000000] SRAT: Node 0 PXM 0 0-a0000                                                             ",{}]],"55":[["[    0.000000] SRAT: Node 0 PXM 0 100000-c0000000                                                     ",{}]],"56":[["[    0.000000] SRAT: Node                                                                             ",{}]]},"cursor":{"x":26}}],[0.010565,{"lines":{"0":[["[    0.000000]  BIOS-e820: 00000000bf78e000 - 00000000bf790000 type 9                                 ",{}]],"1":[["[    0.000000]  BIOS-e820: 00000000bf790000 - 00000000bf79e000 (ACPI data)                            ",{}]],"2":[["[    0.000000]  BIOS-e820: 00000000bf79e000 - 00000000bf7d0000 (ACPI NVS)                             ",{}]],"3":[["[    0.000000]  BIOS-e820: 00000000bf7d0000 - 00000000bf7e0000 (reserved)                             ",{}]],"4":[["[    0.000000]  BIOS-e820: 00000000bf7ec000 - 00000000c0000000 (reserved)                             ",{}]],"5":[["[    0.000000]  BIOS-e820: 00000000e0000000 - 00000000f0000000 (reserved)                             ",{}]],"6":[["[    0.000000]  BIOS-e820: 00000000fee00000 - 00000000fee01000 (reserved)                             ",{}]],"7":[["[    0.000000]  BIOS-e820: 00000000ffc00000 - 0000000100000000 (reserved)                             ",{}]],"8":[["[    0.000000]  BIOS-e820: 0000000100000000 - 0000000940000000 (usable)                               ",{}]],"9":[["[    0.000000] NX (Execute Disable) protection: active                                                ",{}]],"10":[["[    0.000000] SMBIOS 2.6 present.                                                                    ",{}]],"11":[["[    0.000000] No AGP bridge found                                                                    ",{}]],"12":[["[    0.000000] last_pfn = 0x940000 max_arch_pfn = 0x400000000                                         ",{}]],"13":[["[    0.000000] x86 PAT enabled: cpu 0, old 0x7040600070406, new 0x7010600070106                       ",{}]],"14":[["[    0.000000] last_pfn = 0xbf780 max_arch_pfn = 0x400000000                                          ",{}]],"15":[["[    0.000000] found SMP MP-table at [ffff8800000ff780] ff780                                         ",{}]],"16":[["[    0.000000] init_memory_mapping: 0000000000000000-00000000bf780000                                 ",{}]],"17":[["[    0.000000] init_memory_mapping: 0000000100000000-0000000940000000                                 ",{}]],"18":[["[    0.000000] RAMDISK: 36b64000 - 375aa000                                                           ",{}]],"19":[["[    0.000000] ACPI: RSDP 00000000000face0 00024 (v02 ACPIAM)                                         ",{}]],"20":[["[    0.000000] ACPI: XSDT 00000000bf790100 0008C (v01 SMCI            20120803 MSFT 00000097)         ",{}]],"21":[["[    0.000000] ACPI: FACP 00000000bf790290 000F4 (v04 080312 FACP1521 20120803 MSFT 00000097)         ",{}]],"22":[["[    0.000000] ACPI: DSDT 00000000bf7906a0 06580 (v02  10600 10600000 00000000 INTL 20051117)         ",{}]],"23":[["[    0.000000] ACPI: FACS 00000000bf79e000 00040                                                      ",{}]],"24":[["[    0.000000] ACPI: APIC 00000000bf790390 0011E (v02 080312 APIC1521 20120803 MSFT 00000097)         ",{}]],"25":[["[    0.000000] ACPI: MCFG 00000000bf7904b0 0003C (v01 080312 OEMMCFG  20120803 MSFT 00000097)         ",{}]],"26":[["[    0.000000] ACPI: SLIT 00000000bf7904f0 00030 (v01 080312 OEMSLIT  20120803 MSFT 00000097)         ",{}]],"27":[["[    0.000000] ACPI: OEMB 00000000bf79e040 00086 (v01 080312 OEMB1521 20120803 MSFT 00000097)         ",{}]],"28":[["[    0.000000] ACPI: SRAT 00000000bf79a6a0 001D0 (v02 080312 OEMSRAT  00000001 INTL 00000001)         ",{}]],"29":[["[    0.000000] ACPI: HPET 00000000bf79a870 00038 (v01 080312 OEMHPET  20120803 MSFT 00000097)         ",{}]],"30":[["[    0.000000] ACPI: DMAR 00000000bf79e0d0 00128 (v01    AMI  OEMDMAR 00000001 MSFT 00000097)         ",{}]],"31":[["[    0.000000] ACPI: SSDT 00000000bf7a1710 00363 (v01 DpgPmm    CpuPm 00000012 INTL 20051117)         ",{}]],"32":[["[    0.000000] ACPI: EINJ 00000000bf79a8b0 00130 (v01  AMIER AMI_EINJ 20120803 MSFT 00000097)         ",{}]],"33":[["[    0.000000] ACPI: BERT 00000000bf79aa40 00030 (v01  AMIER AMI_BERT 20120803 MSFT 00000097)         ",{}]],"34":[["[    0.000000] ACPI: ERST 00000000bf79aa70 001B0 (v01  AMIER AMI_ERST 20120803 MSFT 00000097)         ",{}]],"35":[["[    0.000000] ACPI: HEST 00000000bf79ac20 000A8 (v01  AMIER ABC_HEST 20120803 MSFT 00000097)         ",{}]],"36":[["[    0.000000] SRAT: PXM 0 -> APIC 0x00 -> Node 0                                                     ",{}]],"37":[["[    0.000000] SRAT: PXM 0 -> APIC 0x02 -> Node 0                                                     ",{}]],"38":[["[    0.000000] SRAT: PXM 0 -> APIC 0x04 -> Node 0                                                     ",{}]],"39":[["[    0.000000] SRAT: PXM 0 -> APIC 0x06 -> Node 0                                                     ",{}]],"40":[["[    0.000000] SRAT: PXM 0 -> APIC 0x01 -> Node 0                                                     ",{}]],"41":[["[    0.000000] SRAT: PXM 0 -> APIC 0x03 -> Node 0                                                     ",{}]],"42":[["[    0.000000] SRAT: PXM 0 -> APIC 0x05 -> Node 0                                                     ",{}]],"43":[["[    0.000000] SRAT: PXM 0 -> APIC 0x07 -> Node 0                                                     ",{}]],"44":[["[    0.000000] SRAT: PXM 1 -> APIC 0x10 -> Node 1                                                     ",{}]],"45":[["[    0.000000] SRAT: PXM 1 -> APIC 0x12 -> Node 1                                                     ",{}]],"46":[["[    0.000000] SRAT: PXM 1 -> APIC 0x14 -> Node 1                                                     ",{}]],"47":[["[    0.000000] SRAT: PXM 1 -> APIC 0x16 -> Node 1                                                     ",{}]],"48":[["[    0.000000] SRAT: PXM 1 -> APIC 0x11 -> Node 1                                                     ",{}]],"49":[["[    0.000000] SRAT: PXM 1 -> APIC 0x13 -> Node 1                                                     ",{}]],"50":[["[    0.000000] SRAT: PXM 1 -> APIC 0x15 -> Node 1                                                     ",{}]],"51":[["[    0.000000] SRAT: PXM 1 -> APIC 0x17 -> Node 1                                                     ",{}]],"52":[["[    0.000000] SRAT: Node 0 PXM 0 0-a0000                                                             ",{}]],"53":[["[    0.000000] SRAT: Node 0 PXM 0 100000-c0000000                                                     ",{}]],"54":[["[    0.000000] SRAT: Node 0 PXM 0 100000000-640000000                                                 ",{}]],"55":[["[    0.000000] SRAT: Node 1 PXM 1 640000000-940000000                                                 ",{}]],"56":[["[    0.000000] NUMA: Node                                                                             ",{}]]}}],[0.009695,{"lines":{"0":[["[    0.000000]  BIOS-e820: 00000000bf790000 - 00000000bf79e000 (ACPI data)                            ",{}]],"1":[["[    0.000000]  BIOS-e820: 00000000bf79e000 - 00000000bf7d0000 (ACPI NVS)                             ",{}]],"2":[["[    0.000000]  BIOS-e820: 00000000bf7d0000 - 00000000bf7e0000 (reserved)                             ",{}]],"3":[["[    0.000000]  BIOS-e820: 00000000bf7ec000 - 00000000c0000000 (reserved)                             ",{}]],"4":[["[    0.000000]  BIOS-e820: 00000000e0000000 - 00000000f0000000 (reserved)                             ",{}]],"5":[["[    0.000000]  BIOS-e820: 00000000fee00000 - 00000000fee01000 (reserved)                             ",{}]],"6":[["[    0.000000]  BIOS-e820: 00000000ffc00000 - 0000000100000000 (reserved)                             ",{}]],"7":[["[    0.000000]  BIOS-e820: 0000000100000000 - 0000000940000000 (usable)                               ",{}]],"8":[["[    0.000000] NX (Execute Disable) protection: active                                                ",{}]],"9":[["[    0.000000] SMBIOS 2.6 present.                                                                    ",{}]],"10":[["[    0.000000] No AGP bridge found                                                                    ",{}]],"11":[["[    0.000000] last_pfn = 0x940000 max_arch_pfn = 0x400000000                                         ",{}]],"12":[["[    0.000000] x86 PAT enabled: cpu 0, old 0x7040600070406, new 0x7010600070106                       ",{}]],"13":[["[    0.000000] last_pfn = 0xbf780 max_arch_pfn = 0x400000000                                          ",{}]],"14":[["[    0.000000] found SMP MP-table at [ffff8800000ff780] ff780                                         ",{}]],"15":[["[    0.000000] init_memory_mapping: 0000000000000000-00000000bf780000                                 ",{}]],"16":[["[    0.000000] init_memory_mapping: 0000000100000000-0000000940000000                                 ",{}]],"17":[["[    0.000000] RAMDISK: 36b64000 - 375aa000                                                           ",{}]],"18":[["[    0.000000] ACPI: RSDP 00000000000face0 00024 (v02 ACPIAM)                                         ",{}]],"19":[["[    0.000000] ACPI: XSDT 00000000bf790100 0008C (v01 SMCI            20120803 MSFT 00000097)         ",{}]],"20":[["[    0.000000] ACPI: FACP 00000000bf790290 000F4 (v04 080312 FACP1521 20120803 MSFT 00000097)         ",{}]],"21":[["[    0.000000] ACPI: DSDT 00000000bf7906a0 06580 (v02  10600 10600000 00000000 INTL 20051117)         ",{}]],"22":[["[    0.000000] ACPI: FACS 00000000bf79e000 00040                                                      ",{}]],"23":[["[    0.000000] ACPI: APIC 00000000bf790390 0011E (v02 080312 APIC1521 20120803 MSFT 00000097)         ",{}]],"24":[["[    0.000000] ACPI: MCFG 00000000bf7904b0 0003C (v01 080312 OEMMCFG  20120803 MSFT 00000097)         ",{}]],"25":[["[    0.000000] ACPI: SLIT 00000000bf7904f0 00030 (v01 080312 OEMSLIT  20120803 MSFT 00000097)         ",{}]],"26":[["[    0.000000] ACPI: OEMB 00000000bf79e040 00086 (v01 080312 OEMB1521 20120803 MSFT 00000097)         ",{}]],"27":[["[    0.000000] ACPI: SRAT 00000000bf79a6a0 001D0 (v02 080312 OEMSRAT  00000001 INTL 00000001)         ",{}]],"28":[["[    0.000000] ACPI: HPET 00000000bf79a870 00038 (v01 080312 OEMHPET  20120803 MSFT 00000097)         ",{}]],"29":[["[    0.000000] ACPI: DMAR 00000000bf79e0d0 00128 (v01    AMI  OEMDMAR 00000001 MSFT 00000097)         ",{}]],"30":[["[    0.000000] ACPI: SSDT 00000000bf7a1710 00363 (v01 DpgPmm    CpuPm 00000012 INTL 20051117)         ",{}]],"31":[["[    0.000000] ACPI: EINJ 00000000bf79a8b0 00130 (v01  AMIER AMI_EINJ 20120803 MSFT 00000097)         ",{}]],"32":[["[    0.000000] ACPI: BERT 00000000bf79aa40 00030 (v01  AMIER AMI_BERT 20120803 MSFT 00000097)         ",{}]],"33":[["[    0.000000] ACPI: ERST 00000000bf79aa70 001B0 (v01  AMIER AMI_ERST 20120803 MSFT 00000097)         ",{}]],"34":[["[    0.000000] ACPI: HEST 00000000bf79ac20 000A8 (v01  AMIER ABC_HEST 20120803 MSFT 00000097)         ",{}]],"35":[["[    0.000000] SRAT: PXM 0 -> APIC 0x00 -> Node 0                                                     ",{}]],"36":[["[    0.000000] SRAT: PXM 0 -> APIC 0x02 -> Node 0                                                     ",{}]],"37":[["[    0.000000] SRAT: PXM 0 -> APIC 0x04 -> Node 0                                                     ",{}]],"38":[["[    0.000000] SRAT: PXM 0 -> APIC 0x06 -> Node 0                                                     ",{}]],"39":[["[    0.000000] SRAT: PXM 0 -> APIC 0x01 -> Node 0                                                     ",{}]],"40":[["[    0.000000] SRAT: PXM 0 -> APIC 0x03 -> Node 0                                                     ",{}]],"41":[["[    0.000000] SRAT: PXM 0 -> APIC 0x05 -> Node 0                                                     ",{}]],"42":[["[    0.000000] SRAT: PXM 0 -> APIC 0x07 -> Node 0                                                     ",{}]],"43":[["[    0.000000] SRAT: PXM 1 -> APIC 0x10 -> Node 1                                                     ",{}]],"44":[["[    0.000000] SRAT: PXM 1 -> APIC 0x12 -> Node 1                                                     ",{}]],"45":[["[    0.000000] SRAT: PXM 1 -> APIC 0x14 -> Node 1                                                     ",{}]],"46":[["[    0.000000] SRAT: PXM 1 -> APIC 0x16 -> Node 1                                                     ",{}]],"47":[["[    0.000000] SRAT: PXM 1 -> APIC 0x11 -> Node 1                                                     ",{}]],"48":[["[    0.000000] SRAT: PXM 1 -> APIC 0x13 -> Node 1                                                     ",{}]],"49":[["[    0.000000] SRAT: PXM 1 -> APIC 0x15 -> Node 1                                                     ",{}]],"50":[["[    0.000000] SRAT: PXM 1 -> APIC 0x17 -> Node 1                                                     ",{}]],"51":[["[    0.000000] SRAT: Node 0 PXM 0 0-a0000                                                             ",{}]],"52":[["[    0.000000] SRAT: Node 0 PXM 0 100000-c0000000                                                     ",{}]],"53":[["[    0.000000] SRAT: Node 0 PXM 0 100000000-640000000                                                 ",{}]],"54":[["[    0.000000] SRAT: Node 1 PXM 1 640000000-940000000                                                 ",{}]],"55":[["[    0.000000] NUMA: Node 0 [0,a0000) + [100000,c0000000) -> [0,c0000000)                             ",{}]],"56":[["[    0.000000] NUMA: Node 0 [0,c0000000) + [100000000,64000000                                        ",{}]]},"cursor":{"x":62}}],[0.009969,{"lines":{"0":[["[    0.000000]  BIOS-e820: 00000000bf7d0000 - 00000000bf7e0000 (reserved)                             ",{}]],"1":[["[    0.000000]  BIOS-e820: 00000000bf7ec000 - 00000000c0000000 (reserved)                             ",{}]],"2":[["[    0.000000]  BIOS-e820: 00000000e0000000 - 00000000f0000000 (reserved)                             ",{}]],"3":[["[    0.000000]  BIOS-e820: 00000000fee00000 - 00000000fee01000 (reserved)                             ",{}]],"4":[["[    0.000000]  BIOS-e820: 00000000ffc00000 - 0000000100000000 (reserved)                             ",{}]],"5":[["[    0.000000]  BIOS-e820: 0000000100000000 - 0000000940000000 (usable)                               ",{}]],"6":[["[    0.000000] NX (Execute Disable) protection: active                                                ",{}]],"7":[["[    0.000000] SMBIOS 2.6 present.                                                                    ",{}]],"8":[["[    0.000000] No AGP bridge found                                                                    ",{}]],"9":[["[    0.000000] last_pfn = 0x940000 max_arch_pfn = 0x400000000                                         ",{}]],"10":[["[    0.000000] x86 PAT enabled: cpu 0, old 0x7040600070406, new 0x7010600070106                       ",{}]],"11":[["[    0.000000] last_pfn = 0xbf780 max_arch_pfn = 0x400000000                                          ",{}]],"12":[["[    0.000000] found SMP MP-table at [ffff8800000ff780] ff780                                         ",{}]],"13":[["[    0.000000] init_memory_mapping: 0000000000000000-00000000bf780000                                 ",{}]],"14":[["[    0.000000] init_memory_mapping: 0000000100000000-0000000940000000                                 ",{}]],"15":[["[    0.000000] RAMDISK: 36b64000 - 375aa000                                                           ",{}]],"16":[["[    0.000000] ACPI: RSDP 00000000000face0 00024 (v02 ACPIAM)                                         ",{}]],"17":[["[    0.000000] ACPI: XSDT 00000000bf790100 0008C (v01 SMCI            20120803 MSFT 00000097)         ",{}]],"18":[["[    0.000000] ACPI: FACP 00000000bf790290 000F4 (v04 080312 FACP1521 20120803 MSFT 00000097)         ",{}]],"19":[["[    0.000000] ACPI: DSDT 00000000bf7906a0 06580 (v02  10600 10600000 00000000 INTL 20051117)         ",{}]],"20":[["[    0.000000] ACPI: FACS 00000000bf79e000 00040                                                      ",{}]],"21":[["[    0.000000] ACPI: APIC 00000000bf790